2026-04-24 23:37:35 [INFO] WinPulse Pro started
2026-04-24 23:37:51 [INFO] Scanning registry...
2026-04-24 23:37:51 [INFO] Checking uninstall entries...
2026-04-24 23:37:51 [INFO] Checking shared DLLs...
2026-04-24 23:37:51 [INFO] Checking startup entries...
2026-04-24 23:37:51 [INFO] Checking MUI cache...
2026-04-24 23:37:53 [INFO] Scanning registry...
2026-04-24 23:37:53 [INFO] Checking uninstall entries...
2026-04-24 23:37:53 [INFO] Checking shared DLLs...
2026-04-24 23:37:53 [INFO] Checking startup entries...
2026-04-24 23:37:53 [INFO] Checking MUI cache...
2026-04-24 23:37:54 [INFO] Scanning registry...
2026-04-24 23:37:54 [INFO] Checking uninstall entries...
2026-04-24 23:37:54 [INFO] Checking shared DLLs...
2026-04-24 23:37:54 [INFO] Checking startup entries...
2026-04-24 23:37:54 [INFO] Checking MUI cache...
2026-04-24 23:38:39 [INFO] \u2713 Blocked: brave.exe
2026-04-24 23:41:03 [INFO] Scanning temporary files...
2026-04-24 23:41:03 [INFO] Scanning cache files...
2026-04-24 23:41:03 [INFO] Scanning log files...
2026-04-24 23:41:03 [INFO] Scanning prefetch...
2026-04-24 23:41:03 [INFO] Scanning thumbnails...
2026-04-24 23:41:03 [INFO] Scanning recycle bin...
2026-04-24 23:41:03 [INFO] Scanning browser data...
2026-04-24 23:41:03 [INFO] Scanning Windows Update cache...
2026-04-24 23:41:03 [INFO] Scanning memory dumps...
2026-04-24 23:41:03 [INFO] Scanning Downloads folder...
2026-04-24 23:41:17 [INFO] \u2713 Cleaned: Temp
2026-04-24 23:41:17 [INFO] \u2713 Cleaned: Temp
2026-04-24 23:41:17 [INFO] \u2713 Cleaned: Temp
2026-04-24 23:41:17 [INFO] \u2713 Cleaned: Temp
2026-04-24 23:41:17 [INFO] \u2713 Cleaned: WebCache
2026-04-24 23:41:17 [INFO] \u2713 Cleaned: D3DSCache
2026-04-24 23:41:17 [INFO] \u2713 Cleaned: Logs
2026-04-24 23:41:17 [INFO] \u2713 Cleaned: LogFiles
2026-04-24 23:41:17 [INFO] \u2713 Cleaned: Prefetch Cache
2026-04-24 23:41:18 [INFO] \u2713 Cleaned: Thumbnail Cache
2026-04-24 23:41:18 [INFO] \u2713 Emptied Recycle Bin
2026-04-24 23:41:18 [INFO] \u2713 Cleaned: Update Cache
2026-04-24 23:41:20 [INFO] Scanning temporary files...
2026-04-24 23:41:20 [INFO] Scanning cache files...
2026-04-24 23:41:20 [INFO] Scanning log files...
2026-04-24 23:41:20 [INFO] Scanning prefetch...
2026-04-24 23:41:20 [INFO] Scanning thumbnails...
2026-04-24 23:41:20 [INFO] Scanning recycle bin...
2026-04-24 23:41:20 [INFO] Scanning browser data...
2026-04-24 23:41:20 [INFO] Scanning Windows Update cache...
2026-04-24 23:41:20 [INFO] Scanning memory dumps...
2026-04-24 23:41:20 [INFO] Scanning Downloads folder...
2026-04-24 23:41:32 [INFO] Scanning registry...
2026-04-24 23:41:32 [INFO] Checking uninstall entries...
2026-04-24 23:41:32 [INFO] Checking shared DLLs...
2026-04-24 23:41:32 [INFO] Checking startup entries...
2026-04-24 23:41:32 [INFO] Checking MUI cache...
2026-04-24 23:41:34 [INFO] Scanning registry...
2026-04-24 23:41:34 [INFO] Checking uninstall entries...
2026-04-24 23:41:34 [INFO] Checking shared DLLs...
2026-04-24 23:41:34 [INFO] Checking startup entries...
2026-04-24 23:41:34 [INFO] Checking MUI cache...
2026-04-24 23:47:45 [INFO] \u2713 Blocked: brave.exe
2026-04-24 23:48:00 [INFO] \u2713 Blocked: brave.exe
2026-04-25 20:17:18 [INFO] WinPulse Pro started
2026-04-25 20:17:22 [INFO] WinPulse Pro closed
